// Jest Snapshot v1, https://goo.gl/fbAQLP

exports[`Avatar Menu matches snapshot 1`] = `
<img
  alt="123"
  class="avatarMenu"
  src="avatar.jpg"
/>
`;
