// Jest Snapshot v1, https://goo.gl/fbAQLP

exports[`Private: Not auth 1`] = `
Object {
  "asFragment": [Function],
  "baseElement": <body>
    <div>
      <section
        data-testid="favorites-view"
      >
        <h1
          class="sc-gsTCUz fNcPed"
        >
          Your favorites
        </h1>
        <p>
          2
           favorite videos
        </p>
        <section
          class="sc-bdfBwQ fGsqqP"
        >
          <div
            class="sc-dlfnbm bYLQpZ"
            data-testid="yt-videocard"
          >
            <div
              alt="Wizeline Guadalajara | Bringing Silicon Valley to Mexico"
              class="sc-gKsewC bmxZPy"
            >
              <div
                class="sc-hKgILt kQKVQt"
              >
                <div
                  class="sc-iBPRYJ bVbKde"
                  data-testid="yt-videocard-description"
                >
                  <button
                    class="sc-fubCfw kgnpdw"
                    data-testid="wa-favorite-button"
                  />
                  
                  <p
                    class="sc-jSgupP irxokA"
                  >
                    Wizeline
                     | 
                    April 18, 2019
                  </p>
                </div>
                <p
                  class="sc-eCssSg vfSIY"
                >
                  Wizeline Guadalajara | Bringing Si...
                </p>
              </div>
            </div>
          </div>
          <div
            class="sc-dlfnbm bYLQpZ"
            data-testid="yt-videocard"
          >
            <div
              alt="Wizeline hace sentir a empleados como en casa"
              class="sc-gKsewC dCeHiq"
            >
              <div
                class="sc-hKgILt kQKVQt"
              >
                <div
                  class="sc-iBPRYJ bVbKde"
                  data-testid="yt-videocard-description"
                >
                  <button
                    class="sc-fubCfw kgnpdw"
                    data-testid="wa-favorite-button"
                  />
                  
                  <p
                    class="sc-jSgupP irxokA"
                  >
                    El Economista TV
                     | 
                    March 4, 2019
                  </p>
                </div>
                <p
                  class="sc-eCssSg vfSIY"
                >
                  Wizeline hace sentir a empleados c...
                </p>
              </div>
            </div>
          </div>
        </section>
      </section>
    </div>
  </body>,
  "container": <div>
    <section
      data-testid="favorites-view"
    >
      <h1
        class="sc-gsTCUz fNcPed"
      >
        Your favorites
      </h1>
      <p>
        2
         favorite videos
      </p>
      <section
        class="sc-bdfBwQ fGsqqP"
      >
        <div
          class="sc-dlfnbm bYLQpZ"
          data-testid="yt-videocard"
        >
          <div
            alt="Wizeline Guadalajara | Bringing Silicon Valley to Mexico"
            class="sc-gKsewC bmxZPy"
          >
            <div
              class="sc-hKgILt kQKVQt"
            >
              <div
                class="sc-iBPRYJ bVbKde"
                data-testid="yt-videocard-description"
              >
                <button
                  class="sc-fubCfw kgnpdw"
                  data-testid="wa-favorite-button"
                />
                
                <p
                  class="sc-jSgupP irxokA"
                >
                  Wizeline
                   | 
                  April 18, 2019
                </p>
              </div>
              <p
                class="sc-eCssSg vfSIY"
              >
                Wizeline Guadalajara | Bringing Si...
              </p>
            </div>
          </div>
        </div>
        <div
          class="sc-dlfnbm bYLQpZ"
          data-testid="yt-videocard"
        >
          <div
            alt="Wizeline hace sentir a empleados como en casa"
            class="sc-gKsewC dCeHiq"
          >
            <div
              class="sc-hKgILt kQKVQt"
            >
              <div
                class="sc-iBPRYJ bVbKde"
                data-testid="yt-videocard-description"
              >
                <button
                  class="sc-fubCfw kgnpdw"
                  data-testid="wa-favorite-button"
                />
                
                <p
                  class="sc-jSgupP irxokA"
                >
                  El Economista TV
                   | 
                  March 4, 2019
                </p>
              </div>
              <p
                class="sc-eCssSg vfSIY"
              >
                Wizeline hace sentir a empleados c...
              </p>
            </div>
          </div>
        </div>
      </section>
    </section>
  </div>,
  "debug": [Function],
  "findAllByAltText": [Function],
  "findAllByDisplayValue": [Function],
  "findAllByLabelText": [Function],
  "findAllByPlaceholderText": [Function],
  "findAllByRole": [Function],
  "findAllByTestId": [Function],
  "findAllByText": [Function],
  "findAllByTitle": [Function],
  "findByAltText": [Function],
  "findByDisplayValue": [Function],
  "findByLabelText": [Function],
  "findByPlaceholderText": [Function],
  "findByRole": [Function],
  "findByTestId": [Function],
  "findByText": [Function],
  "findByTitle": [Function],
  "getAllByAltText": [Function],
  "getAllByDisplayValue": [Function],
  "getAllByLabelText": [Function],
  "getAllByPlaceholderText": [Function],
  "getAllByRole": [Function],
  "getAllByTestId": [Function],
  "getAllByText": [Function],
  "getAllByTitle": [Function],
  "getByAltText": [Function],
  "getByDisplayValue": [Function],
  "getByLabelText": [Function],
  "getByPlaceholderText": [Function],
  "getByRole": [Function],
  "getByTestId": [Function],
  "getByText": [Function],
  "getByTitle": [Function],
  "queryAllByAltText": [Function],
  "queryAllByDisplayValue": [Function],
  "queryAllByLabelText": [Function],
  "queryAllByPlaceholderText": [Function],
  "queryAllByRole": [Function],
  "queryAllByTestId": [Function],
  "queryAllByText": [Function],
  "queryAllByTitle": [Function],
  "queryByAltText": [Function],
  "queryByDisplayValue": [Function],
  "queryByLabelText": [Function],
  "queryByPlaceholderText": [Function],
  "queryByRole": [Function],
  "queryByTestId": [Function],
  "queryByText": [Function],
  "queryByTitle": [Function],
  "rerender": [Function],
  "unmount": [Function],
}
`;
