// Jest Snapshot v1, https://goo.gl/fbAQLP

exports[`Should render Login 1`] = `
Object {
  "asFragment": [Function],
  "baseElement": <body>
    <div>
      <div
        class="sc-bdfBwQ bIQWAJ"
        data-testid="user-login"
      >
        <form
          class="sc-gsTCUz fHuKvs"
        >
          <div
            class="form-group"
          >
            <label
              class="sc-hKgILt hfEduC"
              for="username"
            >
              <p
                class="sc-eCssSg hxWDaq"
              >
                Username
              </p>
              <input
                class="sc-dlfnbm jgFWJL"
                id="username"
                placeholder="username"
                required=""
                type="text"
                value=""
              />
            </label>
          </div>
          <div
            class="form-group"
          >
            <label
              class="sc-hKgILt hfEduC"
              for="password"
            >
              <p
                class="sc-eCssSg hxWDaq"
              >
                Password
              </p>
              <input
                class="sc-dlfnbm jgFWJL"
                id="password"
                placeholder="password"
                required=""
                type="password"
                value=""
              />
            </label>
          </div>
          <button
            class="sc-jSgupP pwIew"
            data-testid="user-login-button"
            type="submit"
          >
            Log in
          </button>
        </form>
      </div>
    </div>
  </body>,
  "container": <div>
    <div
      class="sc-bdfBwQ bIQWAJ"
      data-testid="user-login"
    >
      <form
        class="sc-gsTCUz fHuKvs"
      >
        <div
          class="form-group"
        >
          <label
            class="sc-hKgILt hfEduC"
            for="username"
          >
            <p
              class="sc-eCssSg hxWDaq"
            >
              Username
            </p>
            <input
              class="sc-dlfnbm jgFWJL"
              id="username"
              placeholder="username"
              required=""
              type="text"
              value=""
            />
          </label>
        </div>
        <div
          class="form-group"
        >
          <label
            class="sc-hKgILt hfEduC"
            for="password"
          >
            <p
              class="sc-eCssSg hxWDaq"
            >
              Password
            </p>
            <input
              class="sc-dlfnbm jgFWJL"
              id="password"
              placeholder="password"
              required=""
              type="password"
              value=""
            />
          </label>
        </div>
        <button
          class="sc-jSgupP pwIew"
          data-testid="user-login-button"
          type="submit"
        >
          Log in
        </button>
      </form>
    </div>
  </div>,
  "debug": [Function],
  "findAllByAltText": [Function],
  "findAllByDisplayValue": [Function],
  "findAllByLabelText": [Function],
  "findAllByPlaceholderText": [Function],
  "findAllByRole": [Function],
  "findAllByTestId": [Function],
  "findAllByText": [Function],
  "findAllByTitle": [Function],
  "findByAltText": [Function],
  "findByDisplayValue": [Function],
  "findByLabelText": [Function],
  "findByPlaceholderText": [Function],
  "findByRole": [Function],
  "findByTestId": [Function],
  "findByText": [Function],
  "findByTitle": [Function],
  "getAllByAltText": [Function],
  "getAllByDisplayValue": [Function],
  "getAllByLabelText": [Function],
  "getAllByPlaceholderText": [Function],
  "getAllByRole": [Function],
  "getAllByTestId": [Function],
  "getAllByText": [Function],
  "getAllByTitle": [Function],
  "getByAltText": [Function],
  "getByDisplayValue": [Function],
  "getByLabelText": [Function],
  "getByPlaceholderText": [Function],
  "getByRole": [Function],
  "getByTestId": [Function],
  "getByText": [Function],
  "getByTitle": [Function],
  "queryAllByAltText": [Function],
  "queryAllByDisplayValue": [Function],
  "queryAllByLabelText": [Function],
  "queryAllByPlaceholderText": [Function],
  "queryAllByRole": [Function],
  "queryAllByTestId": [Function],
  "queryAllByText": [Function],
  "queryAllByTitle": [Function],
  "queryByAltText": [Function],
  "queryByDisplayValue": [Function],
  "queryByLabelText": [Function],
  "queryByPlaceholderText": [Function],
  "queryByRole": [Function],
  "queryByTestId": [Function],
  "queryByText": [Function],
  "queryByTitle": [Function],
  "rerender": [Function],
  "unmount": [Function],
}
`;
