// Jest Snapshot v1, https://goo.gl/fbAQLP

exports[`Should render VideoCard Info 1`] = `
Object {
  "asFragment": [Function],
  "baseElement": <body>
    <div>
      <div
        class="sc-bdfBwQ kqIhYC"
        data-testid="yt-videocard"
      >
        <div
          alt="Video Tour | Welcome to Wizeline Guadalajara"
          class="sc-eCssSg dodCww"
        >
          <div
            class="sc-gsTCUz jZgBUQ"
          >
            <div
              class="sc-jSgupP hlsFfD"
              data-testid="yt-videocard-description"
            >
              Follow Hector Padilla, Wizeline Director of Engineering, for a lively tour of our office. In 2018, Wizeline opened its stunning new office in Guadalajara, Jalisco, ...
              <p
                class="sc-hKgILt femupW"
              >
                Wizeline
                 | 
                September 30, 2019
              </p>
            </div>
            <p
              class="sc-dlfnbm jElMWh"
            >
              Video Tour | Welcome to Wizeline G...
            </p>
          </div>
        </div>
      </div>
    </div>
  </body>,
  "container": <div>
    <div
      class="sc-bdfBwQ kqIhYC"
      data-testid="yt-videocard"
    >
      <div
        alt="Video Tour | Welcome to Wizeline Guadalajara"
        class="sc-eCssSg dodCww"
      >
        <div
          class="sc-gsTCUz jZgBUQ"
        >
          <div
            class="sc-jSgupP hlsFfD"
            data-testid="yt-videocard-description"
          >
            Follow Hector Padilla, Wizeline Director of Engineering, for a lively tour of our office. In 2018, Wizeline opened its stunning new office in Guadalajara, Jalisco, ...
            <p
              class="sc-hKgILt femupW"
            >
              Wizeline
               | 
              September 30, 2019
            </p>
          </div>
          <p
            class="sc-dlfnbm jElMWh"
          >
            Video Tour | Welcome to Wizeline G...
          </p>
        </div>
      </div>
    </div>
  </div>,
  "debug": [Function],
  "findAllByAltText": [Function],
  "findAllByDisplayValue": [Function],
  "findAllByLabelText": [Function],
  "findAllByPlaceholderText": [Function],
  "findAllByRole": [Function],
  "findAllByTestId": [Function],
  "findAllByText": [Function],
  "findAllByTitle": [Function],
  "findByAltText": [Function],
  "findByDisplayValue": [Function],
  "findByLabelText": [Function],
  "findByPlaceholderText": [Function],
  "findByRole": [Function],
  "findByTestId": [Function],
  "findByText": [Function],
  "findByTitle": [Function],
  "getAllByAltText": [Function],
  "getAllByDisplayValue": [Function],
  "getAllByLabelText": [Function],
  "getAllByPlaceholderText": [Function],
  "getAllByRole": [Function],
  "getAllByTestId": [Function],
  "getAllByText": [Function],
  "getAllByTitle": [Function],
  "getByAltText": [Function],
  "getByDisplayValue": [Function],
  "getByLabelText": [Function],
  "getByPlaceholderText": [Function],
  "getByRole": [Function],
  "getByTestId": [Function],
  "getByText": [Function],
  "getByTitle": [Function],
  "queryAllByAltText": [Function],
  "queryAllByDisplayValue": [Function],
  "queryAllByLabelText": [Function],
  "queryAllByPlaceholderText": [Function],
  "queryAllByRole": [Function],
  "queryAllByTestId": [Function],
  "queryAllByText": [Function],
  "queryAllByTitle": [Function],
  "queryByAltText": [Function],
  "queryByDisplayValue": [Function],
  "queryByLabelText": [Function],
  "queryByPlaceholderText": [Function],
  "queryByRole": [Function],
  "queryByTestId": [Function],
  "queryByText": [Function],
  "queryByTitle": [Function],
  "rerender": [Function],
  "unmount": [Function],
}
`;
