// Jest Snapshot v1, https://goo.gl/fbAQLP

exports[`renders correctly 1`] = `
<section
  className="sc-jSgupP bGUhEE"
>
  <h2
    className="sc-gKsewC hHAcPG"
  >
    Mini Challenge 1
  </h2>
  <div
    className="sc-eCssSg hUZFej"
  >
    <div
      className="sc-bdfBwQ jqRnJH"
    >
      <div
        className="sc-gsTCUz gAjrqo"
      />
      <h3
        className="sc-dlfnbm udFbv"
      >
        Wizeline
      </h3>
      <p
        className="sc-hKgILt gbWVGw"
      >
        Wizeline transforms how teams build technology. Its customers accelerate the delivery of innovative products with proven solutions, which combine Wizeline's ...
      </p>
    </div>
    <div
      className="sc-bdfBwQ jqRnJH"
    >
      <div
        className="sc-gsTCUz dXfHfQ"
        height={180}
        width={320}
      />
      <h3
        className="sc-dlfnbm udFbv"
      >
        Video Tour | Welcome to Wizeline Guadalajara
      </h3>
      <p
        className="sc-hKgILt gbWVGw"
      >
        Follow Hector Padilla, Wizeline Director of Engineering, for a lively tour of our office. In 2018, Wizeline opened its stunning new office in Guadalajara, Jalisco, ...
      </p>
    </div>
    <div
      className="sc-bdfBwQ jqRnJH"
    >
      <div
        className="sc-gsTCUz cohgRu"
        height={180}
        width={320}
      />
      <h3
        className="sc-dlfnbm udFbv"
      >
        Wizeline Guadalajara | Bringing Silicon Valley to Mexico
      </h3>
      <p
        className="sc-hKgILt gbWVGw"
      >
        Wizeline continues to offer a Silicon Valley culture in burgeoning innovation hubs like Mexico and Vietnam. In 2018, our Guadalajara team moved into a ...
      </p>
    </div>
    <div
      className="sc-bdfBwQ jqRnJH"
    >
      <div
        className="sc-gsTCUz fQDrxW"
        height={180}
        width={320}
      />
      <h3
        className="sc-dlfnbm udFbv"
      >
        Wizeline hace sentir a empleados como en casa
      </h3>
      <p
        className="sc-hKgILt gbWVGw"
      >
        En el 2014, Bismarck fundó Wizeline, compañía tecnológica que trabaja con los corporativos ofreciendo una plataforma para que desarrollen software de forma ...
      </p>
    </div>
    <div
      className="sc-bdfBwQ jqRnJH"
    >
      <div
        className="sc-gsTCUz eSFeCr"
        height={180}
        width={320}
      />
      <h3
        className="sc-dlfnbm udFbv"
      >
        We Are Wizeline
      </h3>
      <p
        className="sc-hKgILt gbWVGw"
      >
        Engineering a better tomorrow. Wizeline is a global software development company that helps its clients solve their biggest challenges with design and ...
      </p>
    </div>
    <div
      className="sc-bdfBwQ jqRnJH"
    >
      <div
        className="sc-gsTCUz yHhBV"
        height={180}
        width={320}
      />
      <h3
        className="sc-dlfnbm udFbv"
      >
        Wizeline Thrives in Mexico City
      </h3>
      <p
        className="sc-hKgILt gbWVGw"
      >
        Our vibrant Mexico City office is home to agile software engineers, talented UX designers, and brilliant data scientists. Learn about the rich history of Mexico City.
      </p>
    </div>
    <div
      className="sc-bdfBwQ jqRnJH"
    >
      <div
        className="sc-gsTCUz bFpCoH"
        height={180}
        width={320}
      />
      <h3
        className="sc-dlfnbm udFbv"
      >
        Wizeline
      </h3>
      <p
        className="sc-hKgILt gbWVGw"
      >
        El plan de Wizeline, una empresa de inteligencia artificial, para ayudar a crecer la comunidad de ciencia de datos en CDMX y todo el país, a través de cursos ...
      </p>
    </div>
    <div
      className="sc-bdfBwQ jqRnJH"
    >
      <div
        className="sc-gsTCUz jPQXEE"
        height={180}
        width={320}
      />
      <h3
        className="sc-dlfnbm udFbv"
      >
        A Day in the Life of an Engineering Manager at Wizeline
      </h3>
      <p
        className="sc-hKgILt gbWVGw"
      >
        Fernando Espinoza shares his experience working as an engineering manager at Wizeline and mentoring other engineers. Learn about Fernando's passions ...
      </p>
    </div>
    <div
      className="sc-bdfBwQ jqRnJH"
    >
      <div
        className="sc-gsTCUz fiNMqz"
        height={180}
        width={320}
      />
      <h3
        className="sc-dlfnbm udFbv"
      >
        Wizeline Technical Writing Academy | Featuring Eduardo Ocejo
      </h3>
      <p
        className="sc-hKgILt gbWVGw"
      >
        
      </p>
    </div>
    <div
      className="sc-bdfBwQ jqRnJH"
    >
      <div
        className="sc-gsTCUz cjaBDm"
        height={180}
        width={320}
      />
      <h3
        className="sc-dlfnbm udFbv"
      >
        Silicon Valley en México
      </h3>
      <p
        className="sc-hKgILt gbWVGw"
      >
        Empresas de Silicon Valley buscan establecerse en México por el gran talento que hay en nuestro país. Es una investigación de Roberto Domínguez.
      </p>
    </div>
    <div
      className="sc-bdfBwQ jqRnJH"
    >
      <div
        className="sc-gsTCUz fdzVwN"
        height={180}
        width={320}
      />
      <h3
        className="sc-dlfnbm udFbv"
      >
        Why Wizeline? featuring Juan Pablo Villa in Mexico City
      </h3>
      <p
        className="sc-hKgILt gbWVGw"
      >
        Juan Pablo, known as Gianpa at Wizeline, is a software engineer in our Mexico City office. Gianpa focuses on Android apps, is an integral part of our culture, ...
      </p>
    </div>
    <div
      className="sc-bdfBwQ jqRnJH"
    >
      <div
        className="sc-gsTCUz CGBIC"
        height={180}
        width={320}
      />
      <h3
        className="sc-dlfnbm udFbv"
      >
        Wizeline's 2020 Year in Review
      </h3>
      <p
        className="sc-hKgILt gbWVGw"
      >
        There's no doubt that 2020 has been an unprecedented year. However, amidst all the chaos, we achieved remarkable growth in various areas of our business.
      </p>
    </div>
    <div
      className="sc-bdfBwQ jqRnJH"
    >
      <div
        className="sc-gsTCUz jViRqD"
        height={180}
        width={320}
      />
      <h3
        className="sc-dlfnbm udFbv"
      >
        Why Wizeline? featuring Hugo Lopez in Mexico City
      </h3>
      <p
        className="sc-hKgILt gbWVGw"
      >
        
      </p>
    </div>
    <div
      className="sc-bdfBwQ jqRnJH"
    >
      <div
        className="sc-gsTCUz eauVPe"
        height={180}
        width={320}
      />
      <h3
        className="sc-dlfnbm udFbv"
      >
        Why Wizeline? (We're Hiring in Mexico!)
      </h3>
      <p
        className="sc-hKgILt gbWVGw"
      >
        A quick look at why people join Wizeline, what motivates us as a team and what it's like to work in our Guadalajara office. Learn more and apply here: ...
      </p>
    </div>
    <div
      className="sc-bdfBwQ jqRnJH"
    >
      <div
        className="sc-gsTCUz bfVCKP"
        height={180}
        width={320}
      />
      <h3
        className="sc-dlfnbm udFbv"
      >
        Why Wizeline? featuring Oswaldo Herrera in Mexico City
      </h3>
      <p
        className="sc-hKgILt gbWVGw"
      >
        Oswaldo is a software engineering in Wizeline's Mexico City office. He joined Wizeline because of the camaraderie and deep sense of commitment of our teams.
      </p>
    </div>
    <div
      className="sc-bdfBwQ jqRnJH"
    >
      <div
        className="sc-gsTCUz eBbhGn"
        height={180}
        width={320}
      />
      <h3
        className="sc-dlfnbm udFbv"
      >
        Caso de Éxito AWS: Wizeline [Spanish]
      </h3>
      <p
        className="sc-hKgILt gbWVGw"
      >
        Central de socios de APN - https://amzn.to/2S7tIXM Fundada en 2014, Wizeline es una compañía joven e innovadora que nació en la nube para ofrecer soporte ...
      </p>
    </div>
    <div
      className="sc-bdfBwQ jqRnJH"
    >
      <div
        className="sc-gsTCUz ekzobu"
        height={180}
        width={320}
      />
      <h3
        className="sc-dlfnbm udFbv"
      >
        Wizeline's 2019 Year in Review
      </h3>
      <p
        className="sc-hKgILt gbWVGw"
      >
        
      </p>
    </div>
    <div
      className="sc-bdfBwQ jqRnJH"
    >
      <div
        className="sc-gsTCUz lcGotP"
        height={180}
        width={320}
      />
      <h3
        className="sc-dlfnbm udFbv"
      >
        [1 of 2] Wizeline CEO shares career lessons from Google
      </h3>
      <p
        className="sc-hKgILt gbWVGw"
      >
        Founder & CEO Bismarck Lepe on growth opportunities at Wizeline and his career-path experience as an early Google employee. Join our team!
      </p>
    </div>
    <div
      className="sc-bdfBwQ jqRnJH"
    >
      <div
        className="sc-gsTCUz MoMOr"
        height={180}
        width={320}
      />
      <h3
        className="sc-dlfnbm udFbv"
      >
        Wizeline Data Engineering featuring Tania Reyes
      </h3>
      <p
        className="sc-hKgILt gbWVGw"
      >
        Tania discovered her interest in Big Data while working at Wizeline and took Wizeline Academy courses to skill up and join the data team. Now, she works on ...
      </p>
    </div>
    <div
      className="sc-bdfBwQ jqRnJH"
    >
      <div
        className="sc-gsTCUz IhPEh"
        height={180}
        width={320}
      />
      <h3
        className="sc-dlfnbm udFbv"
      >
        Wizeline Querétaro | Mexico's New Knowledge Economy (We're hiring!)
      </h3>
      <p
        className="sc-hKgILt gbWVGw"
      >
        A small but mighty (and growing) team, the Queretaro crew has taken ownership of growing the office and brand, speaking at university events, hosting tech ...
      </p>
    </div>
    <div
      className="sc-bdfBwQ jqRnJH"
    >
      <div
        className="sc-gsTCUz dCtBuF"
        height={180}
        width={320}
      />
      <h3
        className="sc-dlfnbm udFbv"
      >
        Miriam Godinez | Women in Leadership at Wizeline
      </h3>
      <p
        className="sc-hKgILt gbWVGw"
      >
        Science and technology always caught Miriam's attention. One of her ultimate goals as a Senior Engineer Manager and Lead from the Mobile Team at Wizeline ...
      </p>
    </div>
    <div
      className="sc-bdfBwQ jqRnJH"
    >
      <div
        className="sc-gsTCUz esfOwz"
        height={180}
        width={320}
      />
      <h3
        className="sc-dlfnbm udFbv"
      >
        Welcome Back to Wizeline Vietnam | Extended Version
      </h3>
      <p
        className="sc-hKgILt gbWVGw"
      >
        Thanks to swift government action, the COVID-19 situation in Vietnam has reached a point where businesses are able to return to work and reopen offices.
      </p>
    </div>
    <div
      className="sc-bdfBwQ jqRnJH"
    >
      <div
        className="sc-gsTCUz jCNWOr"
        height={180}
        width={320}
      />
      <h3
        className="sc-dlfnbm udFbv"
      >
        How does Wizeline work?
      </h3>
      <p
        className="sc-hKgILt gbWVGw"
      >
        Wizeline builds teams with a mix of technical and non-technical talent to deliver better products, faster. Learn more about our consulting services: ...
      </p>
    </div>
    <div
      className="sc-bdfBwQ jqRnJH"
    >
      <div
        className="sc-gsTCUz eAxWd"
        height={180}
        width={320}
      />
      <h3
        className="sc-dlfnbm udFbv"
      >
        12 Wishes from Wizeline | Happy Holidays 2019
      </h3>
      <p
        className="sc-hKgILt gbWVGw"
      >
        
      </p>
    </div>
    <div
      className="sc-bdfBwQ jqRnJH"
    >
      <div
        className="sc-gsTCUz iZyGqb"
        height={180}
        width={320}
      />
      <h3
        className="sc-dlfnbm udFbv"
      >
        Why Wizeline?
      </h3>
      <p
        className="sc-hKgILt gbWVGw"
      >
        Hear from our employees directly about what excites them about their roles here at Wizeline. Wizeline wants to hire the best and the brightest to accelerate their ...
      </p>
    </div>
  </div>
</section>
`;
