// Jest Snapshot v1, https://goo.gl/fbAQLP

exports[`renders correctly 1`] = `
<div
  className="sc-bdfBwQ jqRnJH"
>
  <div
    className="sc-gsTCUz jzfVfp"
  />
  <h3
    className="sc-dlfnbm udFbv"
  />
  <p
    className="sc-hKgILt gbWVGw"
  />
</div>
`;
